// Vitest Snapshot v1, https://vitest.dev/guide/snapshot.html

exports[`ChannelInfo > renders correctly 1`] = `
<DocumentFragment>
  <div
    class="_channelInfoContainer_819d61"
  >
    <img
      alt="channel"
      class="_channelInfoImage_819d61"
      src="url"
    />
    <span
      class="_channelInfoName_819d61"
    >
      channel
    </span>
  </div>
</DocumentFragment>
`;
